Info: Starting: Create block symbol file (.bsf)
Info: qsys-generate C:\Users\user\Desktop\lab3\src\Altpll.qsys --block-symbol-file --output-directory=C:\Users\user\Desktop\lab3\src\Altpll --family="Cyclone IV E" --part=EP4CE115F29C7
Progress: Loading src/Altpll.qsys
Progress: Reading input file
Progress: Adding altpll_0 [altpll 15.0]
Progress: Parameterizing module altpll_0
Progress: Adding altpll_1 [altpll 15.0]
Progress: Parameterizing module altpll_1
Progress: Adding clk_0 [clock_source 15.0]
Progress: Parameterizing module clk_0
Progress: Building connections
Progress: Parameterizing connections
Progress: Validating
Progress: Done reading input file
Warning: Altpll.altpll_0: altpll_0.areset_conduit must be exported, or connected to a matching conduit.
Warning: Altpll.altpll_0: altpll_0.locked_conduit must be exported, or connected to a matching conduit.
Warning: Altpll.altpll_0: altpll_0.phasedone_conduit must be exported, or connected to a matching conduit.
Warning: Altpll.altpll_1: altpll_1.areset_conduit must be exported, or connected to a matching conduit.
Warning: Altpll.altpll_1: altpll_1.locked_conduit must be exported, or connected to a matching conduit.
Warning: Altpll.altpll_1: altpll_1.phasedone_conduit must be exported, or connected to a matching conduit.
Warning: Altpll.altpll_0: altpll_0.pll_slave must be connected to an Avalon-MM master
Warning: Altpll.altpll_1: altpll_1.pll_slave must be connected to an Avalon-MM master
Info: ip-generate succeeded.
Info: Finished: Create block symbol file (.bsf)
Info: 
Info: Starting: Create HDL design files for synthesis
Info: qsys-generate C:\Users\user\Desktop\lab3\src\Altpll.qsys --synthesis=VERILOG --output-directory=C:\Users\user\Desktop\lab3\src\Altpll\synthesis --family="Cyclone IV E" --part=EP4CE115F29C7
Progress: Loading src/Altpll.qsys
Progress: Reading input file
Progress: Adding altpll_0 [altpll 15.0]
Progress: Parameterizing module altpll_0
Progress: Adding altpll_1 [altpll 15.0]
Progress: Parameterizing module altpll_1
Progress: Adding clk_0 [clock_source 15.0]
Progress: Parameterizing module clk_0
Progress: Building connections
Progress: Parameterizing connections
Progress: Validating
Progress: Done reading input file
Warning: Altpll.altpll_0: altpll_0.areset_conduit must be exported, or connected to a matching conduit.
Warning: Altpll.altpll_0: altpll_0.locked_conduit must be exported, or connected to a matching conduit.
Warning: Altpll.altpll_0: altpll_0.phasedone_conduit must be exported, or connected to a matching conduit.
Warning: Altpll.altpll_1: altpll_1.areset_conduit must be exported, or connected to a matching conduit.
Warning: Altpll.altpll_1: altpll_1.locked_conduit must be exported, or connected to a matching conduit.
Warning: Altpll.altpll_1: altpll_1.phasedone_conduit must be exported, or connected to a matching conduit.
Warning: Altpll.altpll_0: altpll_0.pll_slave must be connected to an Avalon-MM master
Warning: Altpll.altpll_1: altpll_1.pll_slave must be connected to an Avalon-MM master
Info: Altpll: Generating Altpll "Altpll" for QUARTUS_SYNTH
Info: altpll_0: "Altpll" instantiated altpll "altpll_0"
Info: altpll_1: "Altpll" instantiated altpll "altpll_1"
Info: rst_controller: "Altpll" instantiated altera_reset_controller "rst_controller"
Info: Altpll: Done "Altpll" with 4 modules, 6 files
Info: ip-generate succeeded.
Info: Finished: Create HDL design files for synthesis
